// Jest Snapshot v1, https://goo.gl/fbAQLP

exports[`<SideMenu /> snapshot Testing snapshot works! 1`] = `
<View
  style={
    Object {
      "flex": 1,
    }
  }
>
  <View
    style={
      Object {
        "alignItems": "center",
        "height": 160,
        "width": "100%",
      }
    }
  >
    <Image
      source={
        Object {
          "uri": "https://i.ytimg.com/vi/rTVRuEhbVXY/maxresdefault.jpg",
        }
      }
      style={
        Array [
          Object {
            "bottom": 0,
            "left": 0,
            "position": "absolute",
            "right": 0,
            "top": 0,
          },
          Object {
            "height": 160,
            "width": "100%",
          },
          undefined,
        ]
      }
    />
    <View
      style={
        Object {
          "alignItems": "center",
          "flex": 1,
          "justifyContent": "center",
          "paddingTop": 20,
        }
      }
    >
      <Image
        source={
          Object {
            "uri": "https://pbs.twimg.com/profile_images/988775660163252226/XpgonN0X_400x400.jpg",
          }
        }
        style={
          Object {
            "borderRadius": 60,
            "height": 120,
            "width": 120,
          }
        }
      />
    </View>
  </View>
  <RCTScrollView>
    <View>
      <View>
        <View
          style={Object {}}
        >
          <Text
            accessible={true}
            allowFontScaling={true}
            ellipsizeMode="tail"
            onPress={[Function]}
            style={
              Object {
                "fontFamily": "sans-serif-condensed",
                "fontSize": 20,
                "padding": 10,
              }
            }
          >
            <Text
              accessible={true}
              allowFontScaling={true}
              ellipsizeMode="tail"
            />
                Home
          </Text>
        </View>
      </View>
      <View>
        <View
          style={Object {}}
        >
          <Text
            accessible={true}
            allowFontScaling={true}
            ellipsizeMode="tail"
            onPress={[Function]}
            style={
              Object {
                "fontFamily": "sans-serif-condensed",
                "fontSize": 20,
                "padding": 10,
              }
            }
          >
            <Text
              accessible={true}
              allowFontScaling={true}
              ellipsizeMode="tail"
            />
                Scheduling
          </Text>
        </View>
      </View>
      <View>
        <View
          style={Object {}}
        >
          <Text
            accessible={true}
            allowFontScaling={true}
            ellipsizeMode="tail"
            onPress={[Function]}
            style={
              Object {
                "fontFamily": "sans-serif-condensed",
                "fontSize": 20,
                "padding": 10,
              }
            }
          >
            <Text
              accessible={true}
              allowFontScaling={true}
              ellipsizeMode="tail"
            />
                History
          </Text>
        </View>
      </View>
      <View>
        <View
          style={Object {}}
        >
          <Text
            accessible={true}
            allowFontScaling={true}
            ellipsizeMode="tail"
            onPress={[Function]}
            style={
              Object {
                "fontFamily": "sans-serif-condensed",
                "fontSize": 20,
                "padding": 10,
              }
            }
          >
            <Text
              accessible={true}
              allowFontScaling={true}
              ellipsizeMode="tail"
            />
                Logout
          </Text>
        </View>
      </View>
    </View>
  </RCTScrollView>
  <View
    style={
      Object {
        "alignItems": "center",
        "backgroundColor": "#A1887F",
        "justifyContent": "center",
      }
    }
  >
    <Text
      accessible={true}
      allowFontScaling={true}
      ellipsizeMode="tail"
      style={
        Object {
          "color": "#FAFAFA",
          "fontSize": 24,
          "fontWeight": "bold",
        }
      }
    >
      © Siramo
    </Text>
  </View>
</View>
`;
