// Jest Snapshot v1, https://goo.gl/fbAQLP

exports[`<Login /> snapshot renders correctly 1`] = `
ShallowWrapper {
  "length": 1,
  Symbol(enzyme.__root__): [Circular],
  Symbol(enzyme.__unrendered__): <Provider
    UserStore={
      UserStore {
        "assignUserData": [Function],
        "dateFormat": [Function],
        "firebaseLogin": [Function],
        "firebaseSignOut": [Function],
        "firebaseSignUp": [Function],
        "isLogin": false,
        "timeFormat": [Function],
        "userData": Object {
          "email": "",
          "loading": false,
          "uid": "",
        },
      }
    }
  >
    <Login />
  </Provider>,
  Symbol(enzyme.__renderer__): Object {
    "batchedUpdates": [Function],
    "getNode": [Function],
    "render": [Function],
    "simulateEvent": [Function],
    "unmount": [Function],
  },
  Symbol(enzyme.__node__): Object {
    "instance": null,
    "key": undefined,
    "nodeType": "class",
    "props": Object {},
    "ref": null,
    "rendered": null,
    "type": [Function],
  },
  Symbol(enzyme.__nodes__): Array [
    Object {
      "instance": null,
      "key": undefined,
      "nodeType": "class",
      "props": Object {},
      "ref": null,
      "rendered": null,
      "type": [Function],
    },
  ],
  Symbol(enzyme.__options__): Object {
    "adapter": ReactSixteenAdapter {
      "options": Object {
        "enableComponentDidUpdateOnSetState": true,
      },
    },
  },
}
`;
