// Jest Snapshot v1, https://goo.gl/fbAQLP

exports[`<FarmSchedule /> snapshot Testing snapshot works! 1`] = `
<View
  style={
    Object {
      "backgroundColor": "#F1F8E9",
      "height": "100%",
      "paddingTop": 12,
    }
  }
>
  <View
    style={
      Object {
        "backgroundColor": "#C8E6C9",
        "borderBottomColor": "#00C853",
        "borderBottomWidth": 1,
        "borderLeftColor": "#00C853",
        "borderLeftWidth": 1,
        "borderRadius": 2,
        "borderRightColor": "#00C853",
        "borderRightWidth": 1,
        "borderTopColor": "#00C853",
        "borderTopWidth": 1,
        "display": "flex",
        "flexDirection": "row",
        "flexWrap": "wrap",
        "width": "100%",
      }
    }
  >
    <View
      style={
        Object {
          "width": 300,
        }
      }
    >
      <Text
        accessible={true}
        allowFontScaling={true}
        ellipsizeMode="tail"
        style={
          Object {
            "fontSize": 20,
          }
        }
      >
         Automatic Mode 
      </Text>
    </View>
    <View>
      <RCTSwitch
        disabled={false}
        onChange={[Function]}
        onResponderTerminationRequest={[Function]}
        onStartShouldSetResponder={[Function]}
        onValueChange={[Function]}
        style={
          Array [
            Object {
              "height": 31,
              "width": 51,
            },
            undefined,
          ]
        }
        value={false}
      />
    </View>
  </View>
  <View>
    <Text
      accessible={true}
      allowFontScaling={true}
      ellipsizeMode="tail"
      style={
        Object {
          "alignItems": "center",
          "backgroundColor": "#F1F8E9",
          "marginLeft": 8,
          "marginRight": 8,
          "marginTop": 10,
          "width": "100%",
        }
      }
    >
       
    </Text>
  </View>
</View>
`;
